// Jest Snapshot v1, https://jestjs.io/docs/snapshot-testing

exports[`index (the public surface) given: the package barrel when: its value exports are enumerated then: the inventory matches the snapshot 1`] = `
[
  "DomainEntity",
  "DomainEntityUniqueKeysMustBeDefinedError",
  "DomainEntityUpdatablePropertiesMustBeDefinedError",
  "DomainEvent",
  "DomainLiteral",
  "DomainObject",
  "DomainObjectMetadataMustBeDefinedError",
  "HelpfulJoiValidationError",
  "HelpfulSchemaValidationError",
  "HelpfulYupValidationError",
  "HelpfulZodValidationError",
  "MARK_AS_DOMAIN_ENTITY",
  "MARK_AS_DOMAIN_EVENT",
  "MARK_AS_DOMAIN_LITERAL",
  "MARK_AS_DOMAIN_OBJECT",
  "NestedDomainObjectHydrationError",
  "Ref",
  "RefByPrimary",
  "RefByUnique",
  "clone",
  "dedupe",
  "deserialize",
  "getMetadataKeys",
  "getPrimaryIdentifier",
  "getReadonlyKeys",
  "getUniqueIdentifier",
  "getUniqueIdentifierSlug",
  "getUpdatableProperties",
  "hasReadonly",
  "isOfDomainEntity",
  "isOfDomainEvent",
  "isOfDomainLiteral",
  "isOfDomainObject",
  "isPropertyNameAReferenceExplicitly",
  "isPropertyNameAReferenceIntuitively",
  "isRefByPrimary",
  "isRefByUnique",
  "omitMetadata",
  "omitMetadataValues",
  "omitReadonly",
  "refByPrimary",
  "refByUnique",
  "serialize",
  "withImmute",
]
`;
